[2026-07-08 21:34:17] TPC-H load started. SF=0.2 DataDir=D:\git\TPC CommerceInsight\资料\tpc-h数据(2) ResolvedDataDir=D:\git\TPC CommerceInsight\资料\tpc-h数据(2) FileExtension=txt Container=tpc-commerce-postgres
[2026-07-08 21:34:17] Table region: D:\git\TPC CommerceInsight\资料\tpc-h数据(2)\region.txt
[2026-07-08 21:34:17] COPY SQL: \copy region (r_regionkey,r_name,r_comment) FROM '/tmp/tpch/region.csv' WITH (FORMAT csv, DELIMITER '|', NULL '', HEADER false)
COPY 5
[2026-07-08 21:34:17] Table nation: D:\git\TPC CommerceInsight\资料\tpc-h数据(2)\nation.txt
[2026-07-08 21:34:17] COPY SQL: \copy nation (n_nationkey,n_name,n_regionkey,n_comment) FROM '/tmp/tpch/nation.csv' WITH (FORMAT csv, DELIMITER '|', NULL '', HEADER false)
COPY 25
[2026-07-08 21:34:18] Table supplier: D:\git\TPC CommerceInsight\资料\tpc-h数据(2)\supplier.txt
[2026-07-08 21:34:18] COPY SQL: \copy supplier (s_suppkey,s_name,s_address,s_nationkey,s_phone,s_acctbal,s_comment) FROM '/tmp/tpch/supplier.csv' WITH (FORMAT csv, DELIMITER '|', NULL '', HEADER false)
COPY 2000
[2026-07-08 21:34:18] Table customer: D:\git\TPC CommerceInsight\资料\tpc-h数据(2)\customer.txt
[2026-07-08 21:34:18] COPY SQL: \copy customer (c_custkey,c_name,c_address,c_nationkey,c_phone,c_acctbal,c_mktsegment,c_comment) FROM '/tmp/tpch/customer.csv' WITH (FORMAT csv, DELIMITER '|', NULL '', HEADER false)
COPY 30000
[2026-07-08 21:34:19] Table part: D:\git\TPC CommerceInsight\资料\tpc-h数据(2)\part.txt
[2026-07-08 21:34:19] COPY SQL: \copy part (p_partkey,p_name,p_mfgr,p_brand,p_type,p_size,p_container,p_retailprice,p_comment) FROM '/tmp/tpch/part.csv' WITH (FORMAT csv, DELIMITER '|', NULL '', HEADER false)
COPY 40000
[2026-07-08 21:34:20] Table partsupp: D:\git\TPC CommerceInsight\资料\tpc-h数据(2)\partsupp.txt
[2026-07-08 21:34:20] COPY SQL: \copy partsupp (ps_partkey,ps_suppkey,ps_availqty,ps_supplycost,ps_comment) FROM '/tmp/tpch/partsupp.csv' WITH (FORMAT csv, DELIMITER '|', NULL '', HEADER false)
COPY 160000
[2026-07-08 21:34:23] Table orders: D:\git\TPC CommerceInsight\资料\tpc-h数据(2)\orders.txt
[2026-07-08 21:34:23] COPY SQL: \copy orders (o_orderkey,o_custkey,o_orderstatus,o_totalprice,o_orderdate,o_orderpriority,o_clerk,o_shippriority,o_comment) FROM '/tmp/tpch/orders.csv' WITH (FORMAT csv, DELIMITER '|', NULL '', HEADER false)
COPY 300000
[2026-07-08 21:34:26] Table lineitem: D:\git\TPC CommerceInsight\资料\tpc-h数据(2)\lineitem.txt
[2026-07-08 21:34:26] COPY SQL: \copy lineitem (l_orderkey,l_partkey,l_suppkey,l_linenumber,l_quantity,l_extendedprice,l_discount,l_tax,l_returnflag,l_linestatus,l_shipdate,l_commitdate,l_receiptdate,l_shipinstruct,l_shipmode,l_comment) FROM '/tmp/tpch/lineitem.csv' WITH (FORMAT csv, DELIMITER '|', NULL '', HEADER false)
COPY 1199969
[2026-07-08 21:34:49] TPC-H load completed. Run count-tables.sql to verify row counts.
